// Jest Snapshot v1, https://goo.gl/fbAQLP

exports[`Load all names 1`] = `
Array [
  "(moneda desconocida)",
  "afganis",
  "ariaris",
  "balboas panameños",
  "bats",
  "bires",
  "bolívares venezolanos",
  "bolivianos",
  "cedis",
  "chelines kenianos",
  "chelines somalíes",
  "chelines tanzanos",
  "chelines ugandeses",
  "código reservado para pruebas",
  "colones costarricenses",
  "colones salvadoreños",
  "córdobas oro",
  "coronas checas",
  "coronas danesas",
  "coronas islandesas",
  "coronas noruegas",
  "coronas suecas",
  "dalasis",
  "derechos especiales de giro",
  "dinares argelinos",
  "dinares bareiníes",
  "dinares iraquíes",
  "dinares jordanos",
  "dinares kuwaitíes",
  "dinares libios",
  "dinares macedonios",
  "dinares serbios",
  "dinares tunecinos",
  "dírhams de los Emiratos Árabes Unidos",
  "dírhams marroquíes",
  "dobras",
  "dólar zimbabuense",
  "dólares australianos",
  "dólares bahameños",
  "dólares barbadenses",
  "dólares beliceños",
  "dólares bermudeños",
  "dólares bruneanos",
  "dólares canadienses",
  "dólares de las Islas Caimán",
  "dólares de Trinidad y Tobago",
  "dólares del Caribe Oriental",
  "dólares estadounidenses",
  "dólares estadounidenses (día siguiente)",
  "dólares fiyianos",
  "dólares guyaneses",
  "dólares hongkoneses",
  "dólares jamaicanos",
  "dólares liberianos",
  "dólares namibios",
  "dólares neozelandeses",
  "dólares salomonenses",
  "dólares singapurenses",
  "dólares surinameses",
  "dongs",
  "drams",
  "escudos de Cabo Verde",
  "eslotis",
  "euros",
  "euros WIR",
  "florines antillanos",
  "florines arubeños",
  "forintos húngaros",
  "francos burundeses",
  "francos CFA de África Central",
  "francos CFA de África Occidental",
  "francos CFP",
  "francos comorenses",
  "francos congoleños",
  "francos guineanos",
  "francos ruandeses",
  "francos suizos",
  "francos WIR",
  "francos yibutianos",
  "grivnas",
  "guaraníes paraguayos",
  "gultrums",
  "gurdes haitianos",
  "kiats",
  "kinas",
  "kips",
  "kuachas malauíes",
  "kuachas zambianos",
  "kuanzas",
  "kunas",
  "laris",
  "leks",
  "lempiras hondureños",
  "leonas",
  "leus moldavos",
  "leus rumanos",
  "levas búlgaras",
  "libras de Santa Elena",
  "libras egipcias",
  "libras esterlinas",
  "libras gibraltareñas",
  "libras libanesas",
  "libras malvinenses",
  "libras sirias",
  "libras sudanesas",
  "libras sursudanesas",
  "lilangenis",
  "liras turcas",
  "lotis lesotenses",
  "manats azerbaiyanos",
  "manats turcomanos",
  "marcos convertibles de Bosnia y Herzegovina",
  "meticales",
  "MVDOL bolivianos",
  "nairas",
  "nakfas",
  "nuevos dólares taiwaneses",
  "nuevos séqueles israelíes",
  "oro",
  "paangas",
  "paladio",
  "patacas de Macao",
  "pesos argentinos",
  "pesos chilenos",
  "pesos colombianos",
  "pesos cubanos",
  "pesos cubanos convertibles",
  "pesos dominicanos",
  "pesos filipinos",
  "pesos mexicanos",
  "pesos uruguayos",
  "pesos uruguayos en unidades indexadas",
  "plata",
  "platino",
  "pulas",
  "quetzales guatemaltecos",
  "rands",
  "reales brasileños",
  "riales cataríes",
  "riales iraníes",
  "riales omaníes",
  "riales saudíes",
  "riales yemeníes",
  "rieles",
  "ringits",
  "rublos bielorrusos",
  "rublos rusos",
  "rufiyas",
  "rupias esrilanquesas",
  "rupias indias",
  "rupias indonesias",
  "rupias mauricianas",
  "rupias nepalíes",
  "rupias pakistaníes",
  "rupias seychellenses",
  "soles peruanos",
  "somonis tayikos",
  "soms",
  "sums",
  "takas",
  "talas",
  "tengues kazajos",
  "tugriks",
  "uguiyas",
  "unidades compuestas europeas",
  "unidades de cuenta europeas (XBC)",
  "unidades de cuenta europeas (XBD)",
  "unidades de fomento chilenas",
  "unidades de inversión (UDI) mexicanas",
  "unidades de valor reales",
  "unidades monetarias europeas",
  "unidades previsionales uruguayos",
  "vatus",
  "VED",
  "wons norcoreanos",
  "wons surcoreanos",
  "XSU",
  "XUA",
  "yenes",
  "yuanes",
]
`;

exports[`Load all symbols 1`] = `
Array [
  "¤",
  "฿",
  "₫",
  "€",
  "AED",
  "AFN",
  "ALL",
  "AMD",
  "ANG",
  "AOA",
  "ARS",
  "AUD",
  "AWG",
  "AZN",
  "BAM",
  "BBD",
  "BDT",
  "BGN",
  "BHD",
  "BIF",
  "BMD",
  "BND",
  "BOB",
  "BOV",
  "BRL",
  "BSD",
  "BTN",
  "BWP",
  "BYN",
  "BZD",
  "CAD",
  "CDF",
  "CFPF",
  "CHE",
  "CHF",
  "CHW",
  "CLF",
  "CLP",
  "CNY",
  "COP",
  "COU",
  "CRC",
  "CUC",
  "CUP",
  "CVE",
  "CZK",
  "DJF",
  "DKK",
  "DOP",
  "DZD",
  "EGP",
  "ERN",
  "ETB",
  "FJD",
  "FKP",
  "GBP",
  "GEL",
  "GHS",
  "GIP",
  "GMD",
  "GNF",
  "GTQ",
  "GYD",
  "HKD",
  "HNL",
  "HRK",
  "HTG",
  "HUF",
  "IDR",
  "ILS",
  "INR",
  "IQD",
  "IRR",
  "ISK",
  "JMD",
  "JOD",
  "JPY",
  "KES",
  "KGS",
  "KHR",
  "KMF",
  "KPW",
  "KRW",
  "KWD",
  "KYD",
  "KZT",
  "LAK",
  "LBP",
  "LKR",
  "LRD",
  "LSL",
  "LYD",
  "MAD",
  "MDL",
  "MGA",
  "MKD",
  "MMK",
  "MNT",
  "MOP",
  "MRU",
  "MUR",
  "MVR",
  "MWK",
  "MXN",
  "MXV",
  "MYR",
  "MZN",
  "NAD",
  "NGN",
  "NIO",
  "NOK",
  "NPR",
  "NZD",
  "OMR",
  "PAB",
  "PEN",
  "PGK",
  "PHP",
  "PKR",
  "PLN",
  "PYG",
  "QAR",
  "RON",
  "RSD",
  "RUB",
  "RWF",
  "SAR",
  "SBD",
  "SCR",
  "SDG",
  "SEK",
  "SGD",
  "SHP",
  "SLL",
  "SOS",
  "SRD",
  "SSP",
  "STN",
  "SVC",
  "SYP",
  "SZL",
  "TJS",
  "TMT",
  "TND",
  "TOP",
  "TRY",
  "TTD",
  "TWD",
  "TZS",
  "UAH",
  "UGX",
  "US$",
  "USN",
  "UYI",
  "UYU",
  "UYW",
  "UZS",
  "VED",
  "VES",
  "VUV",
  "WST",
  "XAF",
  "XAG",
  "XAU",
  "XBA",
  "XBB",
  "XBC",
  "XBD",
  "XCD",
  "XDR",
  "XOF",
  "XPD",
  "XPT",
  "XSU",
  "XTS",
  "XUA",
  "YER",
  "ZAR",
  "ZMW",
  "ZWL",
]
`;
